../Drivers/CMSIS/Include/core_cm7.h:2229:22:SCB_EnableICache	1
../Drivers/CMSIS/Include/core_cm7.h:2281:22:SCB_EnableDCache	3
../Core/Src/main.c:106:5:main	1
../Core/Src/main.c:214:6:SystemClock_Config	4
../Core/Src/main.c:269:13:MX_TIM2_Init	4
../Core/Src/main.c:314:13:MX_TIM11_Init	4
../Core/Src/main.c:360:13:MX_TIM13_Init	4
../Core/Src/main.c:406:13:MX_USART3_UART_Init	2
../Core/Src/main.c:441:13:MX_GPIO_Init	1
../Core/Src/main.c:519:6:HAL_TIM_PeriodElapsedCallback	1
../Core/Src/main.c:528:6:udp_client_connect	2
../Core/Src/main.c:585:6:udp_receive_callback	5
../Core/Src/main.c:625:6:MPU_Config	1
../Core/Src/main.c:656:6:Error_Handler	1
