../Drivers/CMSIS/Include/core_cm7.h:2229:22:SCB_EnableICache	4	static,ignoring_inline_asm
../Drivers/CMSIS/Include/core_cm7.h:2281:22:SCB_EnableDCache	24	static,ignoring_inline_asm
../Core/Src/main.c:98:5:main	8	static
../Core/Src/main.c:207:6:SystemClock_Config	88	static
../Core/Src/main.c:262:13:MX_TIM1_Init	112	static
../Core/Src/main.c:342:13:MX_TIM2_Init	40	static
../Core/Src/main.c:387:13:MX_TIM3_Init	64	static
../Core/Src/main.c:446:13:MX_TIM4_Init	64	static
../Core/Src/main.c:505:13:MX_USART3_UART_Init	8	static
../Core/Src/main.c:540:13:MX_GPIO_Init	56	static
../Core/Src/main.c:608:6:udp_client_connect	24	static
../Core/Src/main.c:665:6:udp_receive_callback	80	static
../Core/Src/main.c:699:6:HAL_TIM_PeriodElapsedCallback	240	static
../Core/Src/main.c:709:6:pl_actuate_to	16	static
../Core/Src/main.c:720:6:MPU_Config	24	static
../Core/Src/main.c:751:6:Error_Handler	4	static,ignoring_inline_asm
